<html>
<body>
<pre>
<h1>µVision Build Log</h1>
<h2>Tool Versions:</h2>
IDE-Version: ¦ÌVision V5.18.0.0
Copyright (C) 2016 ARM Ltd and ARM Germany GmbH. All rights reserved.
License Information: red Xmagic, com, LIC=----
 
Tool Versions:
Toolchain:       MDK-Lite  Version: 5.18
Toolchain Path:  F:\Keil_v5\ARM\ARMCC\Bin
C Compiler:      Armcc.exe V5.06 update 1 (build 61)
Assembler:       Armasm.exe V5.06 update 1 (build 61)
Linker/Locator:  ArmLink.exe V5.06 update 1 (build 61)
Library Manager: ArmAr.exe V5.06 update 1 (build 61)
Hex Converter:   FromElf.exe V5.06 update 1 (build 61)
CPU DLL:         SARMCM3.DLL V5.18
Dialog DLL:      DCM.DLL V1.13.6.0
Target DLL:      Segger\JL2CM3.dll V2.99.18.0
Dialog DLL:      TCM.DLL V1.14.8.0
 
<h2>Project:</h2>
C:\Users\Xmagic\Desktop\LED\USER\I2C_MPU6050.uvproj
Project File Date:  07/08/2016

<h2>Output:</h2>
*** Using Compiler 'V5.06 update 1 (build 61)', folder: 'F:\Keil_v5\ARM\ARMCC\Bin'
Rebuild target 'Target 1'
compiling stm32f10x_it.c...
compiling main.c...
compiling I2C_MPU6050.c...
compiling init.c...
compiling sensor.c...
compiling user.c...
user.c(24): warning:  #177-D: variable "the" was declared but never referenced
  		u8 the[20]={0x00,0x00,0x00,0x00,0x00,0x00,0x00,0x00,0x00,0x00,0x00,0x00,0x00,0x00,0x00,0x00,0x00,0x00,0x00,0x00};
user.c(174): warning:  #186-D: pointless comparison of unsigned integer with zero
  	for(j=20;j>=0;j--)
user.c: 2 warnings, 0 errors
compiling delay.c...
compiling timer.c...
compiling usart1.c...
compiling pwm.c...
assembling startup_stm32f10x_hd.s...
compiling spi.c...
compiling showwave.c...
compiling stm32f10x_gpio.c...
compiling stm32f10x_i2c.c...
compiling stm32f10x_rcc.c...
compiling stm32f10x_usart.c...
compiling stm32f10x_spi.c...
compiling stm32f10x_tim.c...
compiling core_cm3.c...
compiling misc.c...
compiling system_stm32f10x.c...
linking...
Program Size: Code=16264 RO-data=336 RW-data=228 ZI-data=1060  
FromELF: creating hex file...
"..\Output\systick.axf" - 0 Error(s), 2 Warning(s).
Build Time Elapsed:  00:00:13
</pre>
</body>
</html>
