Component: ARM Compiler 5.06 update 1 (build 61) Tool: armlink [4d35a8]

==============================================================================

Section Cross References

    main.o(.text) refers to init.o(.text) for Stm32_Clock_Init
    main.o(.text) refers to delay.o(.text) for delay_init
    main.o(.text) refers to usart1.o(.text) for USART1_Config
    main.o(.text) refers to i2c_mpu6050.o(.text) for I2C_config
    main.o(.text) refers to spi.o(.text) for SPI1_Init
    main.o(.text) refers to pwm.o(.text) for PWM_Init
    main.o(.text) refers to timer.o(.text) for TIM3_Init
    main.o(.text) refers to memcpya.o(.text) for __aeabi_memcpy4
    main.o(.text) refers to user.o(.text) for Led_RollShowStart
    main.o(.text) refers to user.o(.data) for start
    i2c_mpu6050.o(.text) refers to stm32f10x_rcc.o(.text) for RCC_APB1PeriphClockCmd
    i2c_mpu6050.o(.text) refers to stm32f10x_gpio.o(.text) for GPIO_Init
    i2c_mpu6050.o(.text) refers to stm32f10x_i2c.o(.text) for I2C_Init
    i2c_mpu6050.o(.text) refers to delay.o(.text) for delayms
    init.o(.text) refers to stm32f10x_rcc.o(.text) for RCC_APB2PeriphClockCmd
    init.o(.text) refers to stm32f10x_gpio.o(.text) for GPIO_Init
    user.o(.text) refers to memseta.o(.text) for __aeabi_memclr4
    user.o(.text) refers to stm32f10x_gpio.o(.text) for GPIO_ResetBits
    user.o(.text) refers to spi.o(.text) for SPI1_WriteByte
    user.o(.text) refers to delay.o(.text) for delayus
    user.o(.text) refers to stm32f10x_spi.o(.text) for SPI_I2S_GetFlagStatus
    sensor.o(.text) refers to fadd.o(.text) for __aeabi_fsub
    sensor.o(.text) refers to fmul.o(.text) for __aeabi_fmul
    sensor.o(.text) refers to fdiv.o(.text) for __aeabi_fdiv
    sensor.o(.text) refers to f2d.o(.text) for __aeabi_f2d
    sensor.o(.text) refers to dmul.o(.text) for __aeabi_dmul
    sensor.o(.text) refers to ddiv.o(.text) for __aeabi_ddiv
    sensor.o(.text) refers to d2f.o(.text) for __aeabi_d2f
    sensor.o(.text) refers to dadd.o(.text) for __aeabi_dadd
    sensor.o(.text) refers to cfrcmple.o(.text) for __aeabi_cfrcmple
    sensor.o(.text) refers to cfcmple.o(.text) for __aeabi_cfcmple
    sensor.o(.text) refers to pwm.o(.text) for pwm_set_off
    sensor.o(.text) refers to stm32f10x_tim.o(.text) for TIM_ITConfig
    sensor.o(.text) refers to sensor.o(.data) for Q_bias
    sensor.o(.text) refers to sensor.o(.bss) for Pdot
    sensor.o(.text) refers to ffixui.o(.text) for __aeabi_f2uiz
    delay.o(.text) refers to delay.o(.data) for fac_us
    timer.o(.text) refers to stm32f10x_rcc.o(.text) for RCC_APB1PeriphClockCmd
    timer.o(.text) refers to stm32f10x_tim.o(.text) for TIM_TimeBaseInit
    timer.o(.text) refers to misc.o(.text) for NVIC_Init
    timer.o(.text) refers to i2c_mpu6050.o(.text) for GetData_GYRO
    timer.o(.text) refers to fflti.o(.text) for __aeabi_i2f
    timer.o(.text) refers to sensor.o(.text) for Angle_Calculate
    timer.o(.text) refers to stm32f10x_gpio.o(.text) for GPIO_ReadInputDataBit
    timer.o(.text) refers to timer.o(.data) for interrupt_flag
    timer.o(.text) refers to sensor.o(.data) for Accel_x
    usart1.o(.text) refers to stm32f10x_rcc.o(.text) for RCC_APB2PeriphClockCmd
    usart1.o(.text) refers to stm32f10x_gpio.o(.text) for GPIO_Init
    usart1.o(.text) refers to stm32f10x_usart.o(.text) for USART_Init
    pwm.o(.text) refers to stm32f10x_tim.o(.text) for TIM_CCxCmd
    pwm.o(.text) refers to stm32f10x_rcc.o(.text) for RCC_APB2PeriphClockCmd
    pwm.o(.text) refers to stm32f10x_gpio.o(.text) for GPIO_Init
    spi.o(.text) refers to stm32f10x_rcc.o(.text) for RCC_APB2PeriphClockCmd
    spi.o(.text) refers to stm32f10x_gpio.o(.text) for GPIO_PinRemapConfig
    spi.o(.text) refers to stm32f10x_spi.o(.text) for SPI_Init
    spi.o(.text) refers to spi.o(.bss) for SPI_InitStructure
    showwave.o(.text) refers to ffixi.o(.text) for __aeabi_f2iz
    showwave.o(.text) refers to stm32f10x_usart.o(.text) for USART_SendData
    showwave.o(.text) refers to showwave.o(.bss) for OutData
    startup_stm32f10x_hd.o(RESET) refers to startup_stm32f10x_hd.o(STACK) for __initial_sp
    startup_stm32f10x_hd.o(RESET) refers to startup_stm32f10x_hd.o(.text) for Reset_Handler
    startup_stm32f10x_hd.o(RESET) refers to stm32f10x_it.o(.text) for NMI_Handler
    startup_stm32f10x_hd.o(RESET) refers to timer.o(.text) for TIM3_IRQHandler
    startup_stm32f10x_hd.o(.text) refers to system_stm32f10x.o(.text) for SystemInit
    startup_stm32f10x_hd.o(.text) refers to entry.o(.ARM.Collect$$$$00000000) for __main
    stm32f10x_gpio.o(.text) refers to stm32f10x_rcc.o(.text) for RCC_APB2PeriphResetCmd
    stm32f10x_i2c.o(.text) refers to stm32f10x_rcc.o(.text) for RCC_APB1PeriphResetCmd
    stm32f10x_rcc.o(.text) refers to stm32f10x_rcc.o(.data) for APBAHBPrescTable
    stm32f10x_usart.o(.text) refers to stm32f10x_rcc.o(.text) for RCC_APB2PeriphResetCmd
    stm32f10x_tim.o(.text) refers to stm32f10x_rcc.o(.text) for RCC_APB2PeriphResetCmd
    stm32f10x_spi.o(.text) refers to stm32f10x_rcc.o(.text) for RCC_APB2PeriphResetCmd
    system_stm32f10x.o(.text) refers to system_stm32f10x.o(.data) for SystemCoreClock
    entry.o(.ARM.Collect$$$$00000000) refers (Special) to entry10a.o(.ARM.Collect$$$$0000000D) for __rt_final_cpp
    entry.o(.ARM.Collect$$$$00000000) refers (Special) to entry11a.o(.ARM.Collect$$$$0000000F) for __rt_final_exit
    entry.o(.ARM.Collect$$$$00000000) refers (Special) to entry7b.o(.ARM.Collect$$$$00000008) for _main_clock
    entry.o(.ARM.Collect$$$$00000000) refers (Special) to entry8b.o(.ARM.Collect$$$$0000000A) for _main_cpp_init
    entry.o(.ARM.Collect$$$$00000000) refers (Special) to entry9a.o(.ARM.Collect$$$$0000000B) for _main_init
    entry.o(.ARM.Collect$$$$00000000) refers (Special) to entry5.o(.ARM.Collect$$$$00000004) for _main_scatterload
    entry.o(.ARM.Collect$$$$00000000) refers (Special) to entry2.o(.ARM.Collect$$$$00000001) for _main_stk
    fadd.o(.text) refers (Special) to iusefp.o(.text) for __I$use$fp
    fadd.o(.text) refers to fepilogue.o(.text) for _float_epilogue
    fmul.o(.text) refers (Special) to iusefp.o(.text) for __I$use$fp
    fdiv.o(.text) refers (Special) to iusefp.o(.text) for __I$use$fp
    fdiv.o(.text) refers to fepilogue.o(.text) for _float_round
    dadd.o(.text) refers (Special) to iusefp.o(.text) for __I$use$fp
    dadd.o(.text) refers to llshl.o(.text) for __aeabi_llsl
    dadd.o(.text) refers to llsshr.o(.text) for __aeabi_lasr
    dadd.o(.text) refers to depilogue.o(.text) for _double_epilogue
    dmul.o(.text) refers (Special) to iusefp.o(.text) for __I$use$fp
    dmul.o(.text) refers to depilogue.o(.text) for _double_epilogue
    ddiv.o(.text) refers (Special) to iusefp.o(.text) for __I$use$fp
    ddiv.o(.text) refers to depilogue.o(.text) for _double_round
    fflti.o(.text) refers (Special) to iusefp.o(.text) for __I$use$fp
    fflti.o(.text) refers to fepilogue.o(.text) for _float_epilogue
    ffixi.o(.text) refers (Special) to iusefp.o(.text) for __I$use$fp
    ffixui.o(.text) refers (Special) to iusefp.o(.text) for __I$use$fp
    f2d.o(.text) refers (Special) to iusefp.o(.text) for __I$use$fp
    d2f.o(.text) refers (Special) to iusefp.o(.text) for __I$use$fp
    d2f.o(.text) refers to fepilogue.o(.text) for _float_round
    cfcmple.o(.text) refers (Special) to iusefp.o(.text) for __I$use$fp
    cfrcmple.o(.text) refers (Special) to iusefp.o(.text) for __I$use$fp
    entry2.o(.ARM.Collect$$$$00000001) refers to entry2.o(.ARM.Collect$$$$00002712) for __lit__00000000
    entry2.o(.ARM.Collect$$$$00002712) refers to startup_stm32f10x_hd.o(STACK) for __initial_sp
    entry2.o(__vectab_stack_and_reset_area) refers to startup_stm32f10x_hd.o(STACK) for __initial_sp
    entry2.o(__vectab_stack_and_reset_area) refers to entry.o(.ARM.Collect$$$$00000000) for __main
    entry5.o(.ARM.Collect$$$$00000004) refers to init.o(.text) for __scatterload
    entry9a.o(.ARM.Collect$$$$0000000B) refers to main.o(.text) for main
    entry9b.o(.ARM.Collect$$$$0000000C) refers to main.o(.text) for main
    depilogue.o(.text) refers to llshl.o(.text) for __aeabi_llsl
    depilogue.o(.text) refers to llushr.o(.text) for __aeabi_llsr
    init.o(.text) refers to entry5.o(.ARM.Collect$$$$00000004) for __main_after_scatterload


==============================================================================

Removing Unused input sections from the image.

    Removing showwave.o(.text), (296 bytes).
    Removing showwave.o(.bss), (16 bytes).
    Removing startup_stm32f10x_hd.o(HEAP), (512 bytes).
    Removing core_cm3.o(.emb_text), (32 bytes).
    Removing ffixi.o(.text), (50 bytes).

5 unused section(s) (total 906 bytes) removed from the image.

==============================================================================

Image Symbol Table

    Local Symbols

    Symbol Name                              Value     Ov Type        Size  Object(Section)

    ../clib/microlib/init/entry.s            0x00000000   Number         0  entry.o ABSOLUTE
    ../clib/microlib/init/entry.s            0x00000000   Number         0  entry7a.o ABSOLUTE
    ../clib/microlib/init/entry.s            0x00000000   Number         0  entry5.o ABSOLUTE
    ../clib/microlib/init/entry.s            0x00000000   Number         0  entry7b.o ABSOLUTE
    ../clib/microlib/init/entry.s            0x00000000   Number         0  entry8a.o ABSOLUTE
    ../clib/microlib/init/entry.s            0x00000000   Number         0  entry9b.o ABSOLUTE
    ../clib/microlib/init/entry.s            0x00000000   Number         0  entry11b.o ABSOLUTE
    ../clib/microlib/init/entry.s            0x00000000   Number         0  entry8b.o ABSOLUTE
    ../clib/microlib/init/entry.s            0x00000000   Number         0  entry2.o ABSOLUTE
    ../clib/microlib/init/entry.s            0x00000000   Number         0  entry11a.o ABSOLUTE
    ../clib/microlib/init/entry.s            0x00000000   Number         0  entry10b.o ABSOLUTE
    ../clib/microlib/init/entry.s            0x00000000   Number         0  entry9a.o ABSOLUTE
    ../clib/microlib/init/entry.s            0x00000000   Number         0  entry10a.o ABSOLUTE
    ../clib/microlib/longlong.c              0x00000000   Number         0  llshl.o ABSOLUTE
    ../clib/microlib/longlong.c              0x00000000   Number         0  llushr.o ABSOLUTE
    ../clib/microlib/longlong.c              0x00000000   Number         0  llsshr.o ABSOLUTE
    ../clib/microlib/string/memcpy.c         0x00000000   Number         0  memcpyb.o ABSOLUTE
    ../clib/microlib/string/memcpy.c         0x00000000   Number         0  memcpya.o ABSOLUTE
    ../clib/microlib/string/memset.c         0x00000000   Number         0  memseta.o ABSOLUTE
    ../clib/microlib/stubs.s                 0x00000000   Number         0  iusefp.o ABSOLUTE
    ../fplib/microlib/d2f.c                  0x00000000   Number         0  d2f.o ABSOLUTE
    ../fplib/microlib/f2d.c                  0x00000000   Number         0  f2d.o ABSOLUTE
    ../fplib/microlib/fpadd.c                0x00000000   Number         0  dadd.o ABSOLUTE
    ../fplib/microlib/fpadd.c                0x00000000   Number         0  fadd.o ABSOLUTE
    ../fplib/microlib/fpdiv.c                0x00000000   Number         0  ddiv.o ABSOLUTE
    ../fplib/microlib/fpdiv.c                0x00000000   Number         0  fdiv.o ABSOLUTE
    ../fplib/microlib/fpepilogue.c           0x00000000   Number         0  fepilogue.o ABSOLUTE
    ../fplib/microlib/fpepilogue.c           0x00000000   Number         0  depilogue.o ABSOLUTE
    ../fplib/microlib/fpfix.c                0x00000000   Number         0  ffixi.o ABSOLUTE
    ../fplib/microlib/fpfix.c                0x00000000   Number         0  ffixui.o ABSOLUTE
    ../fplib/microlib/fpflt.c                0x00000000   Number         0  fflti.o ABSOLUTE
    ../fplib/microlib/fpmul.c                0x00000000   Number         0  dmul.o ABSOLUTE
    ../fplib/microlib/fpmul.c                0x00000000   Number         0  fmul.o ABSOLUTE
    ..\CMSIS\core_cm3.c                      0x00000000   Number         0  core_cm3.o ABSOLUTE
    ..\CMSIS\startup_stm32f10x_hd.s          0x00000000   Number         0  startup_stm32f10x_hd.o ABSOLUTE
    ..\CMSIS\system_stm32f10x.c              0x00000000   Number         0  system_stm32f10x.o ABSOLUTE
    ..\FWlib\src\misc.c                      0x00000000   Number         0  misc.o ABSOLUTE
    ..\FWlib\src\stm32f10x_gpio.c            0x00000000   Number         0  stm32f10x_gpio.o ABSOLUTE
    ..\FWlib\src\stm32f10x_i2c.c             0x00000000   Number         0  stm32f10x_i2c.o ABSOLUTE
    ..\FWlib\src\stm32f10x_rcc.c             0x00000000   Number         0  stm32f10x_rcc.o ABSOLUTE
    ..\FWlib\src\stm32f10x_spi.c             0x00000000   Number         0  stm32f10x_spi.o ABSOLUTE
    ..\FWlib\src\stm32f10x_tim.c             0x00000000   Number         0  stm32f10x_tim.o ABSOLUTE
    ..\FWlib\src\stm32f10x_usart.c           0x00000000   Number         0  stm32f10x_usart.o ABSOLUTE
    ..\\CMSIS\\core_cm3.c                    0x00000000   Number         0  core_cm3.o ABSOLUTE
    I2C_MPU6050.c                            0x00000000   Number         0  i2c_mpu6050.o ABSOLUTE
    cfcmple.s                                0x00000000   Number         0  cfcmple.o ABSOLUTE
    cfrcmple.s                               0x00000000   Number         0  cfrcmple.o ABSOLUTE
    dc.s                                     0x00000000   Number         0  dc.o ABSOLUTE
    delay.c                                  0x00000000   Number         0  delay.o ABSOLUTE
    handlers.s                               0x00000000   Number         0  handlers.o ABSOLUTE
    init.c                                   0x00000000   Number         0  init.o ABSOLUTE
    init.s                                   0x00000000   Number         0  init.o ABSOLUTE
    main.c                                   0x00000000   Number         0  main.o ABSOLUTE
    pwm.c                                    0x00000000   Number         0  pwm.o ABSOLUTE
    sensor.c                                 0x00000000   Number         0  sensor.o ABSOLUTE
    showwave.c                               0x00000000   Number         0  showwave.o ABSOLUTE
    spi.c                                    0x00000000   Number         0  spi.o ABSOLUTE
    stm32f10x_it.c                           0x00000000   Number         0  stm32f10x_it.o ABSOLUTE
    timer.c                                  0x00000000   Number         0  timer.o ABSOLUTE
    usart1.c                                 0x00000000   Number         0  usart1.o ABSOLUTE
    user.c                                   0x00000000   Number         0  user.o ABSOLUTE
    RESET                                    0x08000000   Section      304  startup_stm32f10x_hd.o(RESET)
    .ARM.Collect$$$$00000000                 0x08000130   Section        0  entry.o(.ARM.Collect$$$$00000000)
    .ARM.Collect$$$$00000001                 0x08000130   Section        4  entry2.o(.ARM.Collect$$$$00000001)
    .ARM.Collect$$$$00000004                 0x08000134   Section        4  entry5.o(.ARM.Collect$$$$00000004)
    .ARM.Collect$$$$00000008                 0x08000138   Section        0  entry7b.o(.ARM.Collect$$$$00000008)
    .ARM.Collect$$$$0000000A                 0x08000138   Section        0  entry8b.o(.ARM.Collect$$$$0000000A)
    .ARM.Collect$$$$0000000B                 0x08000138   Section        8  entry9a.o(.ARM.Collect$$$$0000000B)
    .ARM.Collect$$$$0000000D                 0x08000140   Section        0  entry10a.o(.ARM.Collect$$$$0000000D)
    .ARM.Collect$$$$0000000F                 0x08000140   Section        0  entry11a.o(.ARM.Collect$$$$0000000F)
    .ARM.Collect$$$$00002712                 0x08000140   Section        4  entry2.o(.ARM.Collect$$$$00002712)
    __lit__00000000                          0x08000140   Data           4  entry2.o(.ARM.Collect$$$$00002712)
    .text                                    0x08000144   Section        0  main.o(.text)
    .text                                    0x080001d8   Section        0  stm32f10x_it.o(.text)
    .text                                    0x080001f4   Section        0  i2c_mpu6050.o(.text)
    I2C_GPIO_Config                          0x080001f5   Thumb Code    46  i2c_mpu6050.o(.text)
    I2C_Mode_Config                          0x08000223   Thumb Code    64  i2c_mpu6050.o(.text)
    .text                                    0x08000514   Section        0  init.o(.text)
    .text                                    0x0800066c   Section        0  user.o(.text)
    .text                                    0x08000980   Section        0  sensor.o(.text)
    .text                                    0x08000f5c   Section        0  delay.o(.text)
    .text                                    0x08001040   Section        0  timer.o(.text)
    .text                                    0x08001148   Section        0  usart1.o(.text)
    itoa                                     0x080011db   Thumb Code    98  usart1.o(.text)
    .text                                    0x0800134c   Section        0  pwm.o(.text)
    .text                                    0x08001568   Section        0  spi.o(.text)
    .text                                    0x0800162c   Section       36  startup_stm32f10x_hd.o(.text)
    .text                                    0x08001650   Section        0  stm32f10x_gpio.o(.text)
    .text                                    0x080019ac   Section        0  stm32f10x_i2c.o(.text)
    .text                                    0x08001db0   Section        0  stm32f10x_rcc.o(.text)
    .text                                    0x08002154   Section        0  stm32f10x_usart.o(.text)
    .text                                    0x0800255c   Section        0  stm32f10x_tim.o(.text)
    TI4_Config                               0x08002a03   Thumb Code   130  stm32f10x_tim.o(.text)
    TI3_Config                               0x08002a97   Thumb Code   122  stm32f10x_tim.o(.text)
    TI2_Config                               0x08002b2b   Thumb Code   130  stm32f10x_tim.o(.text)
    TI1_Config                               0x08002bbf   Thumb Code   108  stm32f10x_tim.o(.text)
    .text                                    0x08003378   Section        0  stm32f10x_spi.o(.text)
    .text                                    0x08003684   Section        0  misc.o(.text)
    .text                                    0x08003760   Section        0  system_stm32f10x.o(.text)
    SetSysClockTo72                          0x08003761   Thumb Code   214  system_stm32f10x.o(.text)
    SetSysClock                              0x08003837   Thumb Code     8  system_stm32f10x.o(.text)
    .text                                    0x08003940   Section        0  memcpya.o(.text)
    .text                                    0x08003964   Section        0  memseta.o(.text)
    .text                                    0x08003988   Section        0  fadd.o(.text)
    .text                                    0x08003a38   Section        0  fmul.o(.text)
    .text                                    0x08003a9c   Section        0  fdiv.o(.text)
    .text                                    0x08003b18   Section        0  dadd.o(.text)
    .text                                    0x08003c66   Section        0  dmul.o(.text)
    .text                                    0x08003d4a   Section        0  ddiv.o(.text)
    .text                                    0x08003e28   Section        0  fflti.o(.text)
    .text                                    0x08003e3a   Section        0  ffixui.o(.text)
    .text                                    0x08003e62   Section        0  f2d.o(.text)
    .text                                    0x08003e88   Section        0  d2f.o(.text)
    .text                                    0x08003ec0   Section       20  cfcmple.o(.text)
    .text                                    0x08003ed4   Section       20  cfrcmple.o(.text)
    .text                                    0x08003ee8   Section        0  llshl.o(.text)
    .text                                    0x08003f06   Section        0  llsshr.o(.text)
    .text                                    0x08003f2a   Section        0  fepilogue.o(.text)
    .text                                    0x08003f2a   Section        0  iusefp.o(.text)
    .text                                    0x08003f98   Section        0  depilogue.o(.text)
    .text                                    0x08004054   Section       36  init.o(.text)
    .text                                    0x08004078   Section        0  llushr.o(.text)
    i.__scatterload_copy                     0x08004098   Section       14  handlers.o(i.__scatterload_copy)
    i.__scatterload_null                     0x080040a6   Section        2  handlers.o(i.__scatterload_null)
    i.__scatterload_zeroinit                 0x080040a8   Section       14  handlers.o(i.__scatterload_zeroinit)
    .data                                    0x20000000   Section       83  user.o(.data)
    .data                                    0x20000054   Section       96  sensor.o(.data)
    Q_bias                                   0x20000080   Data           4  sensor.o(.data)
    Angle_err                                0x20000084   Data           4  sensor.o(.data)
    PCt_0                                    0x20000088   Data           4  sensor.o(.data)
    PCt_1                                    0x2000008c   Data           4  sensor.o(.data)
    E                                        0x20000090   Data           4  sensor.o(.data)
    K_0                                      0x20000094   Data           4  sensor.o(.data)
    K_1                                      0x20000098   Data           4  sensor.o(.data)
    t_0                                      0x2000009c   Data           4  sensor.o(.data)
    t_1                                      0x200000a0   Data           4  sensor.o(.data)
    PP                                       0x200000a4   Data          16  sensor.o(.data)
    .data                                    0x200000b4   Section        4  delay.o(.data)
    fac_us                                   0x200000b4   Data           1  delay.o(.data)
    fac_ms                                   0x200000b6   Data           2  delay.o(.data)
    .data                                    0x200000b8   Section        2  timer.o(.data)
    .data                                    0x200000ba   Section       20  stm32f10x_rcc.o(.data)
    APBAHBPrescTable                         0x200000ba   Data          16  stm32f10x_rcc.o(.data)
    ADCPrescTable                            0x200000ca   Data           4  stm32f10x_rcc.o(.data)
    .data                                    0x200000d0   Section       20  system_stm32f10x.o(.data)
    .bss                                     0x200000e4   Section       16  sensor.o(.bss)
    Pdot                                     0x200000e4   Data          16  sensor.o(.bss)
    .bss                                     0x200000f4   Section       18  spi.o(.bss)
    STACK                                    0x20000108   Section     1024  startup_stm32f10x_hd.o(STACK)

    Global Symbols

    Symbol Name                              Value     Ov Type        Size  Object(Section)

    BuildAttributes$$THM_ISAv4$P$D$K$B$S$PE$A:L22UL41UL21$X:L11$S22US41US21$IEEE1$IW$USESV6$~STKCKD$USESV7$~SHL$OTIME$ROPI$EBA8$MICROLIB$REQ8$PRES8$EABIv2 0x00000000   Number         0  anon$$obj.o ABSOLUTE
    __ARM_use_no_argv                        0x00000000   Number         0  main.o ABSOLUTE
    __cpp_initialize__aeabi_                  - Undefined Weak Reference
    __cxa_finalize                            - Undefined Weak Reference
    __decompress                              - Undefined Weak Reference
    _clock_init                               - Undefined Weak Reference
    _microlib_exit                            - Undefined Weak Reference
    __Vectors_Size                           0x00000130   Number         0  startup_stm32f10x_hd.o ABSOLUTE
    __Vectors                                0x08000000   Data           4  startup_stm32f10x_hd.o(RESET)
    __Vectors_End                            0x08000130   Data           0  startup_stm32f10x_hd.o(RESET)
    __main                                   0x08000131   Thumb Code     0  entry.o(.ARM.Collect$$$$00000000)
    _main_stk                                0x08000131   Thumb Code     0  entry2.o(.ARM.Collect$$$$00000001)
    _main_scatterload                        0x08000135   Thumb Code     0  entry5.o(.ARM.Collect$$$$00000004)
    __main_after_scatterload                 0x08000139   Thumb Code     0  entry5.o(.ARM.Collect$$$$00000004)
    _main_clock                              0x08000139   Thumb Code     0  entry7b.o(.ARM.Collect$$$$00000008)
    _main_cpp_init                           0x08000139   Thumb Code     0  entry8b.o(.ARM.Collect$$$$0000000A)
    _main_init                               0x08000139   Thumb Code     0  entry9a.o(.ARM.Collect$$$$0000000B)
    __rt_final_cpp                           0x08000141   Thumb Code     0  entry10a.o(.ARM.Collect$$$$0000000D)
    __rt_final_exit                          0x08000141   Thumb Code     0  entry11a.o(.ARM.Collect$$$$0000000F)
    main                                     0x08000145   Thumb Code   120  main.o(.text)
    NMI_Handler                              0x080001d9   Thumb Code     2  stm32f10x_it.o(.text)
    HardFault_Handler                        0x080001db   Thumb Code     4  stm32f10x_it.o(.text)
    MemManage_Handler                        0x080001df   Thumb Code     4  stm32f10x_it.o(.text)
    BusFault_Handler                         0x080001e3   Thumb Code     4  stm32f10x_it.o(.text)
    UsageFault_Handler                       0x080001e7   Thumb Code     4  stm32f10x_it.o(.text)
    SVC_Handler                              0x080001eb   Thumb Code     2  stm32f10x_it.o(.text)
    DebugMon_Handler                         0x080001ed   Thumb Code     2  stm32f10x_it.o(.text)
    PendSV_Handler                           0x080001ef   Thumb Code     2  stm32f10x_it.o(.text)
    SysTick_Handler                          0x080001f1   Thumb Code     2  stm32f10x_it.o(.text)
    I2C_config                               0x08000263   Thumb Code    12  i2c_mpu6050.o(.text)
    I2C_ByteWrite                            0x0800026f   Thumb Code   136  i2c_mpu6050.o(.text)
    I2C_ByteRead                             0x080002f7   Thumb Code   192  i2c_mpu6050.o(.text)
    InitSensor                               0x080003b7   Thumb Code   170  i2c_mpu6050.o(.text)
    GetData_GYRO                             0x08000461   Thumb Code    34  i2c_mpu6050.o(.text)
    GetData_MAG                              0x08000483   Thumb Code    74  i2c_mpu6050.o(.text)
    GetData_BMP280                           0x080004cd   Thumb Code    50  i2c_mpu6050.o(.text)
    MYRCC_DeInit                             0x08000515   Thumb Code    78  init.o(.text)
    Stm32_Clock_Init                         0x08000563   Thumb Code   134  init.o(.text)
    GPIO_Configuration                       0x080005e9   Thumb Code   106  init.o(.text)
    Led_RollShowStart                        0x0800066d   Thumb Code   194  user.o(.text)
    Led_RollShow                             0x0800072f   Thumb Code   182  user.o(.text)
    Led_StaticShow                           0x080007e5   Thumb Code   132  user.o(.text)
    Led_StaticShowHello                      0x08000869   Thumb Code   132  user.o(.text)
    Led_StaticShow1                          0x080008ed   Thumb Code   134  user.o(.text)
    Kalman_Filter                            0x08000981   Thumb Code   508  sensor.o(.text)
    Angle_Calculate                          0x08000b7d   Thumb Code   290  sensor.o(.text)
    Angle_Control                            0x08000c9f   Thumb Code    88  sensor.o(.text)
    Set_Motor_Pwm                            0x08000cf7   Thumb Code   596  sensor.o(.text)
    delay_init                               0x08000f5d   Thumb Code    56  delay.o(.text)
    delayus                                  0x08000f95   Thumb Code    56  delay.o(.text)
    delayms                                  0x08000fcd   Thumb Code    56  delay.o(.text)
    delay_us                                 0x08001005   Thumb Code    26  delay.o(.text)
    delay_ms                                 0x0800101f   Thumb Code    24  delay.o(.text)
    TIM3_Init                                0x08001041   Thumb Code    90  timer.o(.text)
    TIM3_IRQHandler                          0x0800109b   Thumb Code   150  timer.o(.text)
    USART1_Config                            0x08001149   Thumb Code   114  usart1.o(.text)
    fputc                                    0x080011bb   Thumb Code    32  usart1.o(.text)
    USART1_printf                            0x0800123d   Thumb Code   262  usart1.o(.text)
    pwm_set_off                              0x0800134d   Thumb Code    28  pwm.o(.text)
    PWM_Init                                 0x08001369   Thumb Code   378  pwm.o(.text)
    pwm_set_high                             0x080014e3   Thumb Code    38  pwm.o(.text)
    pwm_set_low                              0x08001509   Thumb Code    38  pwm.o(.text)
    pwm_set_on                               0x0800152f   Thumb Code    38  pwm.o(.text)
    SPI1_Init                                0x08001569   Thumb Code   110  spi.o(.text)
    SPI1_SetSpeed                            0x080015d7   Thumb Code    26  spi.o(.text)
    SPI1_WriteByte                           0x080015f1   Thumb Code    42  spi.o(.text)
    Reset_Handler                            0x0800162d   Thumb Code     8  startup_stm32f10x_hd.o(.text)
    ADC1_2_IRQHandler                        0x08001647   Thumb Code     0  startup_stm32f10x_hd.o(.text)
    ADC3_IRQHandler                          0x08001647   Thumb Code     0  startup_stm32f10x_hd.o(.text)
    CAN1_RX1_IRQHandler                      0x08001647   Thumb Code     0  startup_stm32f10x_hd.o(.text)
    CAN1_SCE_IRQHandler                      0x08001647   Thumb Code     0  startup_stm32f10x_hd.o(.text)
    DMA1_Channel1_IRQHandler                 0x08001647   Thumb Code     0  startup_stm32f10x_hd.o(.text)
    DMA1_Channel2_IRQHandler                 0x08001647   Thumb Code     0  startup_stm32f10x_hd.o(.text)
    DMA1_Channel3_IRQHandler                 0x08001647   Thumb Code     0  startup_stm32f10x_hd.o(.text)
    DMA1_Channel4_IRQHandler                 0x08001647   Thumb Code     0  startup_stm32f10x_hd.o(.text)
    DMA1_Channel5_IRQHandler                 0x08001647   Thumb Code     0  startup_stm32f10x_hd.o(.text)
    DMA1_Channel6_IRQHandler                 0x08001647   Thumb Code     0  startup_stm32f10x_hd.o(.text)
    DMA1_Channel7_IRQHandler                 0x08001647   Thumb Code     0  startup_stm32f10x_hd.o(.text)
    DMA2_Channel1_IRQHandler                 0x08001647   Thumb Code     0  startup_stm32f10x_hd.o(.text)
    DMA2_Channel2_IRQHandler                 0x08001647   Thumb Code     0  startup_stm32f10x_hd.o(.text)
    DMA2_Channel3_IRQHandler                 0x08001647   Thumb Code     0  startup_stm32f10x_hd.o(.text)
    DMA2_Channel4_5_IRQHandler               0x08001647   Thumb Code     0  startup_stm32f10x_hd.o(.text)
    EXTI0_IRQHandler                         0x08001647   Thumb Code     0  startup_stm32f10x_hd.o(.text)
    EXTI15_10_IRQHandler                     0x08001647   Thumb Code     0  startup_stm32f10x_hd.o(.text)
    EXTI1_IRQHandler                         0x08001647   Thumb Code     0  startup_stm32f10x_hd.o(.text)
    EXTI2_IRQHandler                         0x08001647   Thumb Code     0  startup_stm32f10x_hd.o(.text)
    EXTI3_IRQHandler                         0x08001647   Thumb Code     0  startup_stm32f10x_hd.o(.text)
    EXTI4_IRQHandler                         0x08001647   Thumb Code     0  startup_stm32f10x_hd.o(.text)
    EXTI9_5_IRQHandler                       0x08001647   Thumb Code     0  startup_stm32f10x_hd.o(.text)
    FLASH_IRQHandler                         0x08001647   Thumb Code     0  startup_stm32f10x_hd.o(.text)
    FSMC_IRQHandler                          0x08001647   Thumb Code     0  startup_stm32f10x_hd.o(.text)
    I2C1_ER_IRQHandler                       0x08001647   Thumb Code     0  startup_stm32f10x_hd.o(.text)
    I2C1_EV_IRQHandler                       0x08001647   Thumb Code     0  startup_stm32f10x_hd.o(.text)
    I2C2_ER_IRQHandler                       0x08001647   Thumb Code     0  startup_stm32f10x_hd.o(.text)
    I2C2_EV_IRQHandler                       0x08001647   Thumb Code     0  startup_stm32f10x_hd.o(.text)
    PVD_IRQHandler                           0x08001647   Thumb Code     0  startup_stm32f10x_hd.o(.text)
    RCC_IRQHandler                           0x08001647   Thumb Code     0  startup_stm32f10x_hd.o(.text)
    RTCAlarm_IRQHandler                      0x08001647   Thumb Code     0  startup_stm32f10x_hd.o(.text)
    RTC_IRQHandler                           0x08001647   Thumb Code     0  startup_stm32f10x_hd.o(.text)
    SDIO_IRQHandler                          0x08001647   Thumb Code     0  startup_stm32f10x_hd.o(.text)
    SPI1_IRQHandler                          0x08001647   Thumb Code     0  startup_stm32f10x_hd.o(.text)
    SPI2_IRQHandler                          0x08001647   Thumb Code     0  startup_stm32f10x_hd.o(.text)
    SPI3_IRQHandler                          0x08001647   Thumb Code     0  startup_stm32f10x_hd.o(.text)
    TAMPER_IRQHandler                        0x08001647   Thumb Code     0  startup_stm32f10x_hd.o(.text)
    TIM1_BRK_IRQHandler                      0x08001647   Thumb Code     0  startup_stm32f10x_hd.o(.text)
    TIM1_CC_IRQHandler                       0x08001647   Thumb Code     0  startup_stm32f10x_hd.o(.text)
    TIM1_TRG_COM_IRQHandler                  0x08001647   Thumb Code     0  startup_stm32f10x_hd.o(.text)
    TIM1_UP_IRQHandler                       0x08001647   Thumb Code     0  startup_stm32f10x_hd.o(.text)
    TIM2_IRQHandler                          0x08001647   Thumb Code     0  startup_stm32f10x_hd.o(.text)
    TIM4_IRQHandler                          0x08001647   Thumb Code     0  startup_stm32f10x_hd.o(.text)
    TIM5_IRQHandler                          0x08001647   Thumb Code     0  startup_stm32f10x_hd.o(.text)
    TIM6_IRQHandler                          0x08001647   Thumb Code     0  startup_stm32f10x_hd.o(.text)
    TIM7_IRQHandler                          0x08001647   Thumb Code     0  startup_stm32f10x_hd.o(.text)
    TIM8_BRK_IRQHandler                      0x08001647   Thumb Code     0  startup_stm32f10x_hd.o(.text)
    TIM8_CC_IRQHandler                       0x08001647   Thumb Code     0  startup_stm32f10x_hd.o(.text)
    TIM8_TRG_COM_IRQHandler                  0x08001647   Thumb Code     0  startup_stm32f10x_hd.o(.text)
    TIM8_UP_IRQHandler                       0x08001647   Thumb Code     0  startup_stm32f10x_hd.o(.text)
    UART4_IRQHandler                         0x08001647   Thumb Code     0  startup_stm32f10x_hd.o(.text)
    UART5_IRQHandler                         0x08001647   Thumb Code     0  startup_stm32f10x_hd.o(.text)
    USART1_IRQHandler                        0x08001647   Thumb Code     0  startup_stm32f10x_hd.o(.text)
    USART2_IRQHandler                        0x08001647   Thumb Code     0  startup_stm32f10x_hd.o(.text)
    USART3_IRQHandler                        0x08001647   Thumb Code     0  startup_stm32f10x_hd.o(.text)
    USBWakeUp_IRQHandler                     0x08001647   Thumb Code     0  startup_stm32f10x_hd.o(.text)
    USB_HP_CAN1_TX_IRQHandler                0x08001647   Thumb Code     0  startup_stm32f10x_hd.o(.text)
    USB_LP_CAN1_RX0_IRQHandler               0x08001647   Thumb Code     0  startup_stm32f10x_hd.o(.text)
    WWDG_IRQHandler                          0x08001647   Thumb Code     0  startup_stm32f10x_hd.o(.text)
    GPIO_DeInit                              0x08001651   Thumb Code   172  stm32f10x_gpio.o(.text)
    GPIO_AFIODeInit                          0x080016fd   Thumb Code    20  stm32f10x_gpio.o(.text)
    GPIO_Init                                0x08001711   Thumb Code   278  stm32f10x_gpio.o(.text)
    GPIO_StructInit                          0x08001827   Thumb Code    16  stm32f10x_gpio.o(.text)
    GPIO_ReadInputDataBit                    0x08001837   Thumb Code    18  stm32f10x_gpio.o(.text)
    GPIO_ReadInputData                       0x08001849   Thumb Code     8  stm32f10x_gpio.o(.text)
    GPIO_ReadOutputDataBit                   0x08001851   Thumb Code    18  stm32f10x_gpio.o(.text)
    GPIO_ReadOutputData                      0x08001863   Thumb Code     8  stm32f10x_gpio.o(.text)
    GPIO_SetBits                             0x0800186b   Thumb Code     4  stm32f10x_gpio.o(.text)
    GPIO_ResetBits                           0x0800186f   Thumb Code     4  stm32f10x_gpio.o(.text)
    GPIO_WriteBit                            0x08001873   Thumb Code    10  stm32f10x_gpio.o(.text)
    GPIO_Write                               0x0800187d   Thumb Code     4  stm32f10x_gpio.o(.text)
    GPIO_PinLockConfig                       0x08001881   Thumb Code    18  stm32f10x_gpio.o(.text)
    GPIO_EventOutputConfig                   0x08001893   Thumb Code    26  stm32f10x_gpio.o(.text)
    GPIO_EventOutputCmd                      0x080018ad   Thumb Code     6  stm32f10x_gpio.o(.text)
    GPIO_PinRemapConfig                      0x080018b3   Thumb Code   138  stm32f10x_gpio.o(.text)
    GPIO_EXTILineConfig                      0x0800193d   Thumb Code    66  stm32f10x_gpio.o(.text)
    GPIO_ETH_MediaInterfaceConfig            0x0800197f   Thumb Code     8  stm32f10x_gpio.o(.text)
    I2C_DeInit                               0x080019ad   Thumb Code    50  stm32f10x_i2c.o(.text)
    I2C_Init                                 0x080019df   Thumb Code   222  stm32f10x_i2c.o(.text)
    I2C_StructInit                           0x08001abd   Thumb Code    30  stm32f10x_i2c.o(.text)
    I2C_Cmd                                  0x08001adb   Thumb Code    24  stm32f10x_i2c.o(.text)
    I2C_DMACmd                               0x08001af3   Thumb Code    24  stm32f10x_i2c.o(.text)
    I2C_DMALastTransferCmd                   0x08001b0b   Thumb Code    24  stm32f10x_i2c.o(.text)
    I2C_GenerateSTART                        0x08001b23   Thumb Code    24  stm32f10x_i2c.o(.text)
    I2C_GenerateSTOP                         0x08001b3b   Thumb Code    24  stm32f10x_i2c.o(.text)
    I2C_AcknowledgeConfig                    0x08001b53   Thumb Code    24  stm32f10x_i2c.o(.text)
    I2C_OwnAddress2Config                    0x08001b6b   Thumb Code    22  stm32f10x_i2c.o(.text)
    I2C_DualAddressCmd                       0x08001b81   Thumb Code    24  stm32f10x_i2c.o(.text)
    I2C_GeneralCallCmd                       0x08001b99   Thumb Code    24  stm32f10x_i2c.o(.text)
    I2C_ITConfig                             0x08001bb1   Thumb Code    18  stm32f10x_i2c.o(.text)
    I2C_SendData                             0x08001bc3   Thumb Code     4  stm32f10x_i2c.o(.text)
    I2C_ReceiveData                          0x08001bc7   Thumb Code     8  stm32f10x_i2c.o(.text)
    I2C_Send7bitAddress                      0x08001bcf   Thumb Code    18  stm32f10x_i2c.o(.text)
    I2C_ReadRegister                         0x08001be1   Thumb Code    22  stm32f10x_i2c.o(.text)
    I2C_SoftwareResetCmd                     0x08001bf7   Thumb Code    22  stm32f10x_i2c.o(.text)
    I2C_NACKPositionConfig                   0x08001c0d   Thumb Code    28  stm32f10x_i2c.o(.text)
    I2C_SMBusAlertConfig                     0x08001c29   Thumb Code    28  stm32f10x_i2c.o(.text)
    I2C_TransmitPEC                          0x08001c45   Thumb Code    24  stm32f10x_i2c.o(.text)
    I2C_PECPositionConfig                    0x08001c5d   Thumb Code    28  stm32f10x_i2c.o(.text)
    I2C_CalculatePEC                         0x08001c79   Thumb Code    24  stm32f10x_i2c.o(.text)
    I2C_GetPEC                               0x08001c91   Thumb Code     8  stm32f10x_i2c.o(.text)
    I2C_ARPCmd                               0x08001c99   Thumb Code    24  stm32f10x_i2c.o(.text)
    I2C_StretchClockCmd                      0x08001cb1   Thumb Code    24  stm32f10x_i2c.o(.text)
    I2C_FastModeDutyCycleConfig              0x08001cc9   Thumb Code    28  stm32f10x_i2c.o(.text)
    I2C_CheckEvent                           0x08001ce5   Thumb Code    42  stm32f10x_i2c.o(.text)
    I2C_GetLastEvent                         0x08001d0f   Thumb Code    26  stm32f10x_i2c.o(.text)
    I2C_GetFlagStatus                        0x08001d29   Thumb Code    58  stm32f10x_i2c.o(.text)
    I2C_ClearFlag                            0x08001d63   Thumb Code    12  stm32f10x_i2c.o(.text)
    I2C_GetITStatus                          0x08001d6f   Thumb Code    54  stm32f10x_i2c.o(.text)
    I2C_ClearITPendingBit                    0x08001da5   Thumb Code    12  stm32f10x_i2c.o(.text)
    RCC_DeInit                               0x08001db1   Thumb Code    64  stm32f10x_rcc.o(.text)
    RCC_HSEConfig                            0x08001df1   Thumb Code    70  stm32f10x_rcc.o(.text)
    RCC_GetFlagStatus                        0x08001e37   Thumb Code    56  stm32f10x_rcc.o(.text)
    RCC_WaitForHSEStartUp                    0x08001e6f   Thumb Code    56  stm32f10x_rcc.o(.text)
    RCC_AdjustHSICalibrationValue            0x08001ea7   Thumb Code    20  stm32f10x_rcc.o(.text)
    RCC_HSICmd                               0x08001ebb   Thumb Code     6  stm32f10x_rcc.o(.text)
    RCC_PLLConfig                            0x08001ec1   Thumb Code    24  stm32f10x_rcc.o(.text)
    RCC_PLLCmd                               0x08001ed9   Thumb Code     6  stm32f10x_rcc.o(.text)
    RCC_SYSCLKConfig                         0x08001edf   Thumb Code    18  stm32f10x_rcc.o(.text)
    RCC_GetSYSCLKSource                      0x08001ef1   Thumb Code    10  stm32f10x_rcc.o(.text)
    RCC_HCLKConfig                           0x08001efb   Thumb Code    18  stm32f10x_rcc.o(.text)
    RCC_PCLK1Config                          0x08001f0d   Thumb Code    18  stm32f10x_rcc.o(.text)
    RCC_PCLK2Config                          0x08001f1f   Thumb Code    20  stm32f10x_rcc.o(.text)
    RCC_ITConfig                             0x08001f33   Thumb Code    26  stm32f10x_rcc.o(.text)
    RCC_USBCLKConfig                         0x08001f4d   Thumb Code     8  stm32f10x_rcc.o(.text)
    RCC_ADCCLKConfig                         0x08001f55   Thumb Code    18  stm32f10x_rcc.o(.text)
    RCC_LSEConfig                            0x08001f67   Thumb Code    50  stm32f10x_rcc.o(.text)
    RCC_LSICmd                               0x08001f99   Thumb Code     6  stm32f10x_rcc.o(.text)
    RCC_RTCCLKConfig                         0x08001f9f   Thumb Code    12  stm32f10x_rcc.o(.text)
    RCC_RTCCLKCmd                            0x08001fab   Thumb Code     8  stm32f10x_rcc.o(.text)
    RCC_GetClocksFreq                        0x08001fb3   Thumb Code   192  stm32f10x_rcc.o(.text)
    RCC_AHBPeriphClockCmd                    0x08002073   Thumb Code    26  stm32f10x_rcc.o(.text)
    RCC_APB2PeriphClockCmd                   0x0800208d   Thumb Code    26  stm32f10x_rcc.o(.text)
    RCC_APB1PeriphClockCmd                   0x080020a7   Thumb Code    26  stm32f10x_rcc.o(.text)
    RCC_APB2PeriphResetCmd                   0x080020c1   Thumb Code    26  stm32f10x_rcc.o(.text)
    RCC_APB1PeriphResetCmd                   0x080020db   Thumb Code    26  stm32f10x_rcc.o(.text)
    RCC_BackupResetCmd                       0x080020f5   Thumb Code     8  stm32f10x_rcc.o(.text)
    RCC_ClockSecuritySystemCmd               0x080020fd   Thumb Code     6  stm32f10x_rcc.o(.text)
    RCC_MCOConfig                            0x08002103   Thumb Code     6  stm32f10x_rcc.o(.text)
    RCC_ClearFlag                            0x08002109   Thumb Code    14  stm32f10x_rcc.o(.text)
    RCC_GetITStatus                          0x08002117   Thumb Code    20  stm32f10x_rcc.o(.text)
    RCC_ClearITPendingBit                    0x0800212b   Thumb Code     6  stm32f10x_rcc.o(.text)
    USART_DeInit                             0x08002155   Thumb Code   134  stm32f10x_usart.o(.text)
    USART_Init                               0x080021db   Thumb Code   210  stm32f10x_usart.o(.text)
    USART_StructInit                         0x080022ad   Thumb Code    24  stm32f10x_usart.o(.text)
    USART_ClockInit                          0x080022c5   Thumb Code    34  stm32f10x_usart.o(.text)
    USART_ClockStructInit                    0x080022e7   Thumb Code    12  stm32f10x_usart.o(.text)
    USART_Cmd                                0x080022f3   Thumb Code    24  stm32f10x_usart.o(.text)
    USART_ITConfig                           0x0800230b   Thumb Code    74  stm32f10x_usart.o(.text)
    USART_DMACmd                             0x08002355   Thumb Code    18  stm32f10x_usart.o(.text)
    USART_SetAddress                         0x08002367   Thumb Code    18  stm32f10x_usart.o(.text)
    USART_WakeUpConfig                       0x08002379   Thumb Code    18  stm32f10x_usart.o(.text)
    USART_ReceiverWakeUpCmd                  0x0800238b   Thumb Code    24  stm32f10x_usart.o(.text)
    USART_LINBreakDetectLengthConfig         0x080023a3   Thumb Code    18  stm32f10x_usart.o(.text)
    USART_LINCmd                             0x080023b5   Thumb Code    24  stm32f10x_usart.o(.text)
    USART_SendData                           0x080023cd   Thumb Code     8  stm32f10x_usart.o(.text)
    USART_ReceiveData                        0x080023d5   Thumb Code    10  stm32f10x_usart.o(.text)
    USART_SendBreak                          0x080023df   Thumb Code    10  stm32f10x_usart.o(.text)
    USART_SetGuardTime                       0x080023e9   Thumb Code    16  stm32f10x_usart.o(.text)
    USART_SetPrescaler                       0x080023f9   Thumb Code    16  stm32f10x_usart.o(.text)
    USART_SmartCardCmd                       0x08002409   Thumb Code    24  stm32f10x_usart.o(.text)
    USART_SmartCardNACKCmd                   0x08002421   Thumb Code    24  stm32f10x_usart.o(.text)
    USART_HalfDuplexCmd                      0x08002439   Thumb Code    24  stm32f10x_usart.o(.text)
    USART_OverSampling8Cmd                   0x08002451   Thumb Code    22  stm32f10x_usart.o(.text)
    USART_OneBitMethodCmd                    0x08002467   Thumb Code    24  stm32f10x_usart.o(.text)
    USART_IrDAConfig                         0x0800247f   Thumb Code    18  stm32f10x_usart.o(.text)
    USART_IrDACmd                            0x08002491   Thumb Code    24  stm32f10x_usart.o(.text)
    USART_GetFlagStatus                      0x080024a9   Thumb Code    26  stm32f10x_usart.o(.text)
    USART_ClearFlag                          0x080024c3   Thumb Code    18  stm32f10x_usart.o(.text)
    USART_GetITStatus                        0x080024d5   Thumb Code    84  stm32f10x_usart.o(.text)
    USART_ClearITPendingBit                  0x08002529   Thumb Code    52  stm32f10x_usart.o(.text)
    TIM_DeInit                               0x0800255d   Thumb Code   424  stm32f10x_tim.o(.text)
    TIM_TimeBaseInit                         0x08002705   Thumb Code   122  stm32f10x_tim.o(.text)
    TIM_OC1Init                              0x0800277f   Thumb Code   132  stm32f10x_tim.o(.text)
    TIM_OC2Init                              0x08002803   Thumb Code   154  stm32f10x_tim.o(.text)
    TIM_OC3Init                              0x0800289d   Thumb Code   150  stm32f10x_tim.o(.text)
    TIM_OC4Init                              0x08002933   Thumb Code   182  stm32f10x_tim.o(.text)
    TIM_SetIC4Prescaler                      0x080029e9   Thumb Code    26  stm32f10x_tim.o(.text)
    TIM_SetIC3Prescaler                      0x08002a85   Thumb Code    18  stm32f10x_tim.o(.text)
    TIM_SetIC2Prescaler                      0x08002b11   Thumb Code    26  stm32f10x_tim.o(.text)
    TIM_SetIC1Prescaler                      0x08002bad   Thumb Code    18  stm32f10x_tim.o(.text)
    TIM_ICInit                               0x08002c2b   Thumb Code   150  stm32f10x_tim.o(.text)
    TIM_PWMIConfig                           0x08002cc1   Thumb Code   124  stm32f10x_tim.o(.text)
    TIM_BDTRConfig                           0x08002d3d   Thumb Code    32  stm32f10x_tim.o(.text)
    TIM_TimeBaseStructInit                   0x08002d5d   Thumb Code    18  stm32f10x_tim.o(.text)
    TIM_OCStructInit                         0x08002d6f   Thumb Code    20  stm32f10x_tim.o(.text)
    TIM_ICStructInit                         0x08002d83   Thumb Code    18  stm32f10x_tim.o(.text)
    TIM_BDTRStructInit                       0x08002d95   Thumb Code    40  stm32f10x_tim.o(.text)
    TIM_Cmd                                  0x08002dbd   Thumb Code    24  stm32f10x_tim.o(.text)
    TIM_CtrlPWMOutputs                       0x08002dd5   Thumb Code    30  stm32f10x_tim.o(.text)
    TIM_ITConfig                             0x08002df3   Thumb Code    18  stm32f10x_tim.o(.text)
    TIM_GenerateEvent                        0x08002e05   Thumb Code     4  stm32f10x_tim.o(.text)
    TIM_DMAConfig                            0x08002e09   Thumb Code    10  stm32f10x_tim.o(.text)
    TIM_DMACmd                               0x08002e13   Thumb Code    18  stm32f10x_tim.o(.text)
    TIM_InternalClockConfig                  0x08002e25   Thumb Code    12  stm32f10x_tim.o(.text)
    TIM_SelectInputTrigger                   0x08002e31   Thumb Code    18  stm32f10x_tim.o(.text)
    TIM_ITRxExternalClockConfig              0x08002e43   Thumb Code    24  stm32f10x_tim.o(.text)
    TIM_TIxExternalClockConfig               0x08002e5b   Thumb Code    62  stm32f10x_tim.o(.text)
    TIM_ETRConfig                            0x08002e99   Thumb Code    28  stm32f10x_tim.o(.text)
    TIM_ETRClockMode1Config                  0x08002eb5   Thumb Code    54  stm32f10x_tim.o(.text)
    TIM_ETRClockMode2Config                  0x08002eeb   Thumb Code    32  stm32f10x_tim.o(.text)
    TIM_PrescalerConfig                      0x08002f0b   Thumb Code     6  stm32f10x_tim.o(.text)
    TIM_CounterModeConfig                    0x08002f11   Thumb Code    18  stm32f10x_tim.o(.text)
    TIM_EncoderInterfaceConfig               0x08002f23   Thumb Code    66  stm32f10x_tim.o(.text)
    TIM_ForcedOC1Config                      0x08002f65   Thumb Code    18  stm32f10x_tim.o(.text)
    TIM_ForcedOC2Config                      0x08002f77   Thumb Code    26  stm32f10x_tim.o(.text)
    TIM_ForcedOC3Config                      0x08002f91   Thumb Code    18  stm32f10x_tim.o(.text)
    TIM_ForcedOC4Config                      0x08002fa3   Thumb Code    26  stm32f10x_tim.o(.text)
    TIM_ARRPreloadConfig                     0x08002fbd   Thumb Code    24  stm32f10x_tim.o(.text)
    TIM_SelectCOM                            0x08002fd5   Thumb Code    24  stm32f10x_tim.o(.text)
    TIM_SelectCCDMA                          0x08002fed   Thumb Code    24  stm32f10x_tim.o(.text)
    TIM_CCPreloadControl                     0x08003005   Thumb Code    24  stm32f10x_tim.o(.text)
    TIM_OC1PreloadConfig                     0x0800301d   Thumb Code    18  stm32f10x_tim.o(.text)
    TIM_OC2PreloadConfig                     0x0800302f   Thumb Code    26  stm32f10x_tim.o(.text)
    TIM_OC3PreloadConfig                     0x08003049   Thumb Code    18  stm32f10x_tim.o(.text)
    TIM_OC4PreloadConfig                     0x0800305b   Thumb Code    26  stm32f10x_tim.o(.text)
    TIM_OC1FastConfig                        0x08003075   Thumb Code    18  stm32f10x_tim.o(.text)
    TIM_OC2FastConfig                        0x08003087   Thumb Code    26  stm32f10x_tim.o(.text)
    TIM_OC3FastConfig                        0x080030a1   Thumb Code    18  stm32f10x_tim.o(.text)
    TIM_OC4FastConfig                        0x080030b3   Thumb Code    26  stm32f10x_tim.o(.text)
    TIM_ClearOC1Ref                          0x080030cd   Thumb Code    18  stm32f10x_tim.o(.text)
    TIM_ClearOC2Ref                          0x080030df   Thumb Code    24  stm32f10x_tim.o(.text)
    TIM_ClearOC3Ref                          0x080030f7   Thumb Code    18  stm32f10x_tim.o(.text)
    TIM_ClearOC4Ref                          0x08003109   Thumb Code    24  stm32f10x_tim.o(.text)
    TIM_OC1PolarityConfig                    0x08003121   Thumb Code    18  stm32f10x_tim.o(.text)
    TIM_OC1NPolarityConfig                   0x08003133   Thumb Code    18  stm32f10x_tim.o(.text)
    TIM_OC2PolarityConfig                    0x08003145   Thumb Code    26  stm32f10x_tim.o(.text)
    TIM_OC2NPolarityConfig                   0x0800315f   Thumb Code    26  stm32f10x_tim.o(.text)
    TIM_OC3PolarityConfig                    0x08003179   Thumb Code    26  stm32f10x_tim.o(.text)
    TIM_OC3NPolarityConfig                   0x08003193   Thumb Code    26  stm32f10x_tim.o(.text)
    TIM_OC4PolarityConfig                    0x080031ad   Thumb Code    26  stm32f10x_tim.o(.text)
    TIM_CCxCmd                               0x080031c7   Thumb Code    30  stm32f10x_tim.o(.text)
    TIM_CCxNCmd                              0x080031e5   Thumb Code    30  stm32f10x_tim.o(.text)
    TIM_SelectOCxM                           0x08003203   Thumb Code    82  stm32f10x_tim.o(.text)
    TIM_UpdateDisableConfig                  0x08003255   Thumb Code    24  stm32f10x_tim.o(.text)
    TIM_UpdateRequestConfig                  0x0800326d   Thumb Code    24  stm32f10x_tim.o(.text)
    TIM_SelectHallSensor                     0x08003285   Thumb Code    24  stm32f10x_tim.o(.text)
    TIM_SelectOnePulseMode                   0x0800329d   Thumb Code    18  stm32f10x_tim.o(.text)
    TIM_SelectOutputTrigger                  0x080032af   Thumb Code    18  stm32f10x_tim.o(.text)
    TIM_SelectSlaveMode                      0x080032c1   Thumb Code    18  stm32f10x_tim.o(.text)
    TIM_SelectMasterSlaveMode                0x080032d3   Thumb Code    18  stm32f10x_tim.o(.text)
    TIM_SetCounter                           0x080032e5   Thumb Code     4  stm32f10x_tim.o(.text)
    TIM_SetAutoreload                        0x080032e9   Thumb Code     4  stm32f10x_tim.o(.text)
    TIM_SetCompare1                          0x080032ed   Thumb Code     4  stm32f10x_tim.o(.text)
    TIM_SetCompare2                          0x080032f1   Thumb Code     4  stm32f10x_tim.o(.text)
    TIM_SetCompare3                          0x080032f5   Thumb Code     4  stm32f10x_tim.o(.text)
    TIM_SetCompare4                          0x080032f9   Thumb Code     6  stm32f10x_tim.o(.text)
    TIM_SetClockDivision                     0x080032ff   Thumb Code    18  stm32f10x_tim.o(.text)
    TIM_GetCapture1                          0x08003311   Thumb Code     6  stm32f10x_tim.o(.text)
    TIM_GetCapture2                          0x08003317   Thumb Code     6  stm32f10x_tim.o(.text)
    TIM_GetCapture3                          0x0800331d   Thumb Code     6  stm32f10x_tim.o(.text)
    TIM_GetCapture4                          0x08003323   Thumb Code     8  stm32f10x_tim.o(.text)
    TIM_GetCounter                           0x0800332b   Thumb Code     6  stm32f10x_tim.o(.text)
    TIM_GetPrescaler                         0x08003331   Thumb Code     6  stm32f10x_tim.o(.text)
    TIM_GetFlagStatus                        0x08003337   Thumb Code    18  stm32f10x_tim.o(.text)
    TIM_ClearFlag                            0x08003349   Thumb Code     6  stm32f10x_tim.o(.text)
    TIM_GetITStatus                          0x0800334f   Thumb Code    34  stm32f10x_tim.o(.text)
    TIM_ClearITPendingBit                    0x08003371   Thumb Code     6  stm32f10x_tim.o(.text)
    SPI_I2S_DeInit                           0x08003379   Thumb Code    76  stm32f10x_spi.o(.text)
    SPI_Init                                 0x080033c5   Thumb Code    60  stm32f10x_spi.o(.text)
    I2S_Init                                 0x08003401   Thumb Code   226  stm32f10x_spi.o(.text)
    SPI_StructInit                           0x080034e3   Thumb Code    24  stm32f10x_spi.o(.text)
    I2S_StructInit                           0x080034fb   Thumb Code    20  stm32f10x_spi.o(.text)
    SPI_Cmd                                  0x0800350f   Thumb Code    24  stm32f10x_spi.o(.text)
    I2S_Cmd                                  0x08003527   Thumb Code    24  stm32f10x_spi.o(.text)
    SPI_I2S_ITConfig                         0x0800353f   Thumb Code    32  stm32f10x_spi.o(.text)
    SPI_I2S_DMACmd                           0x0800355f   Thumb Code    18  stm32f10x_spi.o(.text)
    SPI_I2S_SendData                         0x08003571   Thumb Code     4  stm32f10x_spi.o(.text)
    SPI_I2S_ReceiveData                      0x08003575   Thumb Code     6  stm32f10x_spi.o(.text)
    SPI_NSSInternalSoftwareConfig            0x0800357b   Thumb Code    30  stm32f10x_spi.o(.text)
    SPI_SSOutputCmd                          0x08003599   Thumb Code    24  stm32f10x_spi.o(.text)
    SPI_DataSizeConfig                       0x080035b1   Thumb Code    18  stm32f10x_spi.o(.text)
    SPI_TransmitCRC                          0x080035c3   Thumb Code    10  stm32f10x_spi.o(.text)
    SPI_CalculateCRC                         0x080035cd   Thumb Code    24  stm32f10x_spi.o(.text)
    SPI_GetCRC                               0x080035e5   Thumb Code    16  stm32f10x_spi.o(.text)
    SPI_GetCRCPolynomial                     0x080035f5   Thumb Code     6  stm32f10x_spi.o(.text)
    SPI_BiDirectionalLineConfig              0x080035fb   Thumb Code    28  stm32f10x_spi.o(.text)
    SPI_I2S_GetFlagStatus                    0x08003617   Thumb Code    18  stm32f10x_spi.o(.text)
    SPI_I2S_ClearFlag                        0x08003629   Thumb Code     6  stm32f10x_spi.o(.text)
    SPI_I2S_GetITStatus                      0x0800362f   Thumb Code    52  stm32f10x_spi.o(.text)
    SPI_I2S_ClearITPendingBit                0x08003663   Thumb Code    20  stm32f10x_spi.o(.text)
    NVIC_PriorityGroupConfig                 0x08003685   Thumb Code    10  misc.o(.text)
    NVIC_Init                                0x0800368f   Thumb Code   100  misc.o(.text)
    NVIC_SetVectorTable                      0x080036f3   Thumb Code    14  misc.o(.text)
    NVIC_SystemLPConfig                      0x08003701   Thumb Code    34  misc.o(.text)
    SysTick_CLKSourceConfig                  0x08003723   Thumb Code    40  misc.o(.text)
    SystemInit                               0x0800383f   Thumb Code    78  system_stm32f10x.o(.text)
    SystemCoreClockUpdate                    0x0800388d   Thumb Code   142  system_stm32f10x.o(.text)
    __aeabi_memcpy                           0x08003941   Thumb Code    36  memcpya.o(.text)
    __aeabi_memcpy4                          0x08003941   Thumb Code     0  memcpya.o(.text)
    __aeabi_memcpy8                          0x08003941   Thumb Code     0  memcpya.o(.text)
    __aeabi_memset                           0x08003965   Thumb Code    14  memseta.o(.text)
    __aeabi_memset4                          0x08003965   Thumb Code     0  memseta.o(.text)
    __aeabi_memset8                          0x08003965   Thumb Code     0  memseta.o(.text)
    __aeabi_memclr                           0x08003973   Thumb Code     4  memseta.o(.text)
    __aeabi_memclr4                          0x08003973   Thumb Code     0  memseta.o(.text)
    __aeabi_memclr8                          0x08003973   Thumb Code     0  memseta.o(.text)
    _memset$wrapper                          0x08003977   Thumb Code    18  memseta.o(.text)
    __aeabi_fadd                             0x08003989   Thumb Code   164  fadd.o(.text)
    __aeabi_fsub                             0x08003a2d   Thumb Code     6  fadd.o(.text)
    __aeabi_frsub                            0x08003a33   Thumb Code     6  fadd.o(.text)
    __aeabi_fmul                             0x08003a39   Thumb Code   100  fmul.o(.text)
    __aeabi_fdiv                             0x08003a9d   Thumb Code   124  fdiv.o(.text)
    __aeabi_dadd                             0x08003b19   Thumb Code   322  dadd.o(.text)
    __aeabi_dsub                             0x08003c5b   Thumb Code     6  dadd.o(.text)
    __aeabi_drsub                            0x08003c61   Thumb Code     6  dadd.o(.text)
    __aeabi_dmul                             0x08003c67   Thumb Code   228  dmul.o(.text)
    __aeabi_ddiv                             0x08003d4b   Thumb Code   222  ddiv.o(.text)
    __aeabi_i2f                              0x08003e29   Thumb Code    18  fflti.o(.text)
    __aeabi_f2uiz                            0x08003e3b   Thumb Code    40  ffixui.o(.text)
    __aeabi_f2d                              0x08003e63   Thumb Code    38  f2d.o(.text)
    __aeabi_d2f                              0x08003e89   Thumb Code    56  d2f.o(.text)
    __aeabi_cfcmpeq                          0x08003ec1   Thumb Code     0  cfcmple.o(.text)
    __aeabi_cfcmple                          0x08003ec1   Thumb Code    20  cfcmple.o(.text)
    __aeabi_cfrcmple                         0x08003ed5   Thumb Code    20  cfrcmple.o(.text)
    __aeabi_llsl                             0x08003ee9   Thumb Code    30  llshl.o(.text)
    _ll_shift_l                              0x08003ee9   Thumb Code     0  llshl.o(.text)
    __aeabi_lasr                             0x08003f07   Thumb Code    36  llsshr.o(.text)
    _ll_sshift_r                             0x08003f07   Thumb Code     0  llsshr.o(.text)
    __I$use$fp                               0x08003f2b   Thumb Code     0  iusefp.o(.text)
    _float_round                             0x08003f2b   Thumb Code    18  fepilogue.o(.text)
    _float_epilogue                          0x08003f3d   Thumb Code    92  fepilogue.o(.text)
    _double_round                            0x08003f99   Thumb Code    30  depilogue.o(.text)
    _double_epilogue                         0x08003fb7   Thumb Code   156  depilogue.o(.text)
    __scatterload                            0x08004055   Thumb Code    28  init.o(.text)
    __scatterload_rt2                        0x08004055   Thumb Code     0  init.o(.text)
    __aeabi_llsr                             0x08004079   Thumb Code    32  llushr.o(.text)
    _ll_ushift_r                             0x08004079   Thumb Code     0  llushr.o(.text)
    __scatterload_copy                       0x08004099   Thumb Code    14  handlers.o(i.__scatterload_copy)
    __scatterload_null                       0x080040a7   Thumb Code     2  handlers.o(i.__scatterload_null)
    __scatterload_zeroinit                   0x080040a9   Thumb Code    14  handlers.o(i.__scatterload_zeroinit)
    Region$$Table$$Base                      0x080040b8   Number         0  anon$$obj.o(Region$$Table)
    Region$$Table$$Limit                     0x080040d8   Number         0  anon$$obj.o(Region$$Table)
    data                                     0x20000000   Data          20  user.o(.data)
    start                                    0x20000014   Data          20  user.o(.data)
    emoje                                    0x20000028   Data          20  user.o(.data)
    hello                                    0x2000003c   Data          20  user.o(.data)
    empty                                    0x20000050   Data           1  user.o(.data)
    j                                        0x20000051   Data           1  user.o(.data)
    k                                        0x20000052   Data           1  user.o(.data)
    Gyro_y                                   0x20000054   Data           4  sensor.o(.data)
    Angle_gy                                 0x20000058   Data           4  sensor.o(.data)
    Accel_x                                  0x2000005c   Data           4  sensor.o(.data)
    Angle_ax                                 0x20000060   Data           4  sensor.o(.data)
    Angle                                    0x20000064   Data           4  sensor.o(.data)
    Angle_Control_P                          0x20000068   Data           4  sensor.o(.data)
    Angle_Control_D                          0x2000006c   Data           4  sensor.o(.data)
    Angle_Control_Out_Max                    0x20000070   Data           4  sensor.o(.data)
    g_Angle_Control_Out                      0x20000074   Data           4  sensor.o(.data)
    g_Left_Motor_Dead_Value                  0x20000078   Data           4  sensor.o(.data)
    g_Right_Motor_Dead_Value                 0x2000007c   Data           4  sensor.o(.data)
    interrupt_flag                           0x200000b8   Data           1  timer.o(.data)
    speed_control_flag                       0x200000b9   Data           1  timer.o(.data)
    SystemCoreClock                          0x200000d0   Data           4  system_stm32f10x.o(.data)
    AHBPrescTable                            0x200000d4   Data          16  system_stm32f10x.o(.data)
    SPI_InitStructure                        0x200000f4   Data          18  spi.o(.bss)
    __initial_sp                             0x20000508   Data           0  startup_stm32f10x_hd.o(STACK)



==============================================================================

Memory Map of the image

  Image Entry point : 0x08000131

  Load Region LR_IROM1 (Base: 0x08000000, Size: 0x000041bc, Max: 0x00040000, ABSOLUTE)

    Execution Region ER_IROM1 (Base: 0x08000000, Size: 0x000040d8, Max: 0x00040000, ABSOLUTE)

    Base Addr    Size         Type   Attr      Idx    E Section Name        Object

    0x08000000   0x00000130   Data   RO          313    RESET               startup_stm32f10x_hd.o
    0x08000130   0x00000000   Code   RO          433  * .ARM.Collect$$$$00000000  mc_w.l(entry.o)
    0x08000130   0x00000004   Code   RO          468    .ARM.Collect$$$$00000001  mc_w.l(entry2.o)
    0x08000134   0x00000004   Code   RO          471    .ARM.Collect$$$$00000004  mc_w.l(entry5.o)
    0x08000138   0x00000000   Code   RO          473    .ARM.Collect$$$$00000008  mc_w.l(entry7b.o)
    0x08000138   0x00000000   Code   RO          475    .ARM.Collect$$$$0000000A  mc_w.l(entry8b.o)
    0x08000138   0x00000008   Code   RO          476    .ARM.Collect$$$$0000000B  mc_w.l(entry9a.o)
    0x08000140   0x00000000   Code   RO          478    .ARM.Collect$$$$0000000D  mc_w.l(entry10a.o)
    0x08000140   0x00000000   Code   RO          480    .ARM.Collect$$$$0000000F  mc_w.l(entry11a.o)
    0x08000140   0x00000004   Code   RO          469    .ARM.Collect$$$$00002712  mc_w.l(entry2.o)
    0x08000144   0x00000094   Code   RO            1    .text               main.o
    0x080001d8   0x0000001a   Code   RO          142    .text               stm32f10x_it.o
    0x080001f2   0x00000002   PAD
    0x080001f4   0x00000320   Code   RO          157    .text               i2c_mpu6050.o
    0x08000514   0x00000158   Code   RO          169    .text               init.o
    0x0800066c   0x00000314   Code   RO          181    .text               user.o
    0x08000980   0x000005dc   Code   RO          199    .text               sensor.o
    0x08000f5c   0x000000e4   Code   RO          218    .text               delay.o
    0x08001040   0x00000108   Code   RO          232    .text               timer.o
    0x08001148   0x00000204   Code   RO          247    .text               usart1.o
    0x0800134c   0x0000021c   Code   RO          266    .text               pwm.o
    0x08001568   0x000000c4   Code   RO          278    .text               spi.o
    0x0800162c   0x00000024   Code   RO          314    .text               startup_stm32f10x_hd.o
    0x08001650   0x0000035c   Code   RO          319    .text               stm32f10x_gpio.o
    0x080019ac   0x00000404   Code   RO          331    .text               stm32f10x_i2c.o
    0x08001db0   0x000003a4   Code   RO          343    .text               stm32f10x_rcc.o
    0x08002154   0x00000408   Code   RO          357    .text               stm32f10x_usart.o
    0x0800255c   0x00000e1a   Code   RO          369    .text               stm32f10x_tim.o
    0x08003376   0x00000002   PAD
    0x08003378   0x0000030c   Code   RO          381    .text               stm32f10x_spi.o
    0x08003684   0x000000dc   Code   RO          393    .text               misc.o
    0x08003760   0x000001e0   Code   RO          415    .text               system_stm32f10x.o
    0x08003940   0x00000024   Code   RO          436    .text               mc_w.l(memcpya.o)
    0x08003964   0x00000024   Code   RO          438    .text               mc_w.l(memseta.o)
    0x08003988   0x000000b0   Code   RO          442    .text               mf_w.l(fadd.o)
    0x08003a38   0x00000064   Code   RO          444    .text               mf_w.l(fmul.o)
    0x08003a9c   0x0000007c   Code   RO          446    .text               mf_w.l(fdiv.o)
    0x08003b18   0x0000014e   Code   RO          448    .text               mf_w.l(dadd.o)
    0x08003c66   0x000000e4   Code   RO          450    .text               mf_w.l(dmul.o)
    0x08003d4a   0x000000de   Code   RO          452    .text               mf_w.l(ddiv.o)
    0x08003e28   0x00000012   Code   RO          454    .text               mf_w.l(fflti.o)
    0x08003e3a   0x00000028   Code   RO          458    .text               mf_w.l(ffixui.o)
    0x08003e62   0x00000026   Code   RO          460    .text               mf_w.l(f2d.o)
    0x08003e88   0x00000038   Code   RO          462    .text               mf_w.l(d2f.o)
    0x08003ec0   0x00000014   Code   RO          464    .text               mf_w.l(cfcmple.o)
    0x08003ed4   0x00000014   Code   RO          466    .text               mf_w.l(cfrcmple.o)
    0x08003ee8   0x0000001e   Code   RO          482    .text               mc_w.l(llshl.o)
    0x08003f06   0x00000024   Code   RO          484    .text               mc_w.l(llsshr.o)
    0x08003f2a   0x00000000   Code   RO          486    .text               mc_w.l(iusefp.o)
    0x08003f2a   0x0000006e   Code   RO          487    .text               mf_w.l(fepilogue.o)
    0x08003f98   0x000000ba   Code   RO          489    .text               mf_w.l(depilogue.o)
    0x08004052   0x00000002   PAD
    0x08004054   0x00000024   Code   RO          491    .text               mc_w.l(init.o)
    0x08004078   0x00000020   Code   RO          493    .text               mc_w.l(llushr.o)
    0x08004098   0x0000000e   Code   RO          497    i.__scatterload_copy  mc_w.l(handlers.o)
    0x080040a6   0x00000002   Code   RO          498    i.__scatterload_null  mc_w.l(handlers.o)
    0x080040a8   0x0000000e   Code   RO          499    i.__scatterload_zeroinit  mc_w.l(handlers.o)
    0x080040b6   0x00000002   PAD
    0x080040b8   0x00000020   Data   RO          495    Region$$Table       anon$$obj.o


    Execution Region RW_IRAM1 (Base: 0x20000000, Size: 0x00000508, Max: 0x0000c000, ABSOLUTE)

    Base Addr    Size         Type   Attr      Idx    E Section Name        Object

    0x20000000   0x00000053   Data   RW          182    .data               user.o
    0x20000053   0x00000001   PAD
    0x20000054   0x00000060   Data   RW          201    .data               sensor.o
    0x200000b4   0x00000004   Data   RW          219    .data               delay.o
    0x200000b8   0x00000002   Data   RW          233    .data               timer.o
    0x200000ba   0x00000014   Data   RW          344    .data               stm32f10x_rcc.o
    0x200000ce   0x00000002   PAD
    0x200000d0   0x00000014   Data   RW          416    .data               system_stm32f10x.o
    0x200000e4   0x00000010   Zero   RW          200    .bss                sensor.o
    0x200000f4   0x00000012   Zero   RW          279    .bss                spi.o
    0x20000106   0x00000002   PAD
    0x20000108   0x00000400   Zero   RW          311    STACK               startup_stm32f10x_hd.o


==============================================================================

Image component sizes


      Code (inc. data)   RO Data    RW Data    ZI Data      Debug   Object Name

       228         10          0          4          0       1255   delay.o
       800         22          0          0          0       2375   i2c_mpu6050.o
       344         26          0          0          0        955   init.o
       148         28          0          0          0     267859   main.o
       220         22          0          0          0       1689   misc.o
       540         20          0          0          0       1935   pwm.o
      1500        176          0         96         16       2312   sensor.o
       196         18          0          0         18       1073   spi.o
        36          8        304          0       1024        796   startup_stm32f10x_hd.o
       860         38          0          0          0       5625   stm32f10x_gpio.o
      1028         16          0          0          0       9115   stm32f10x_i2c.o
        26          0          0          0          0       1158   stm32f10x_it.o
       932         36          0         20          0       8760   stm32f10x_rcc.o
       780         14          0          0          0       6502   stm32f10x_spi.o
      3610         88          0          0          0      22732   stm32f10x_tim.o
      1032         22          0          0          0       8344   stm32f10x_usart.o
       480         38          0         20          0       1695   system_stm32f10x.o
       264         24          0          2          0       1032   timer.o
       516         10          0          0          0       3876   usart1.o
       788         14          0         83          0       2435   user.o

    ----------------------------------------------------------------------
     14332        630        336        228       1060     351523   Object Totals
         0          0         32          0          0          0   (incl. Generated)
         4          0          0          3          2          0   (incl. Padding)

    ----------------------------------------------------------------------

      Code (inc. data)   RO Data    RW Data    ZI Data      Debug   Library Member Name

         0          0          0          0          0          0   entry.o
         0          0          0          0          0          0   entry10a.o
         0          0          0          0          0          0   entry11a.o
         8          4          0          0          0          0   entry2.o
         4          0          0          0          0          0   entry5.o
         0          0          0          0          0          0   entry7b.o
         0          0          0          0          0          0   entry8b.o
         8          4          0          0          0          0   entry9a.o
        30          0          0          0          0          0   handlers.o
        36          8          0          0          0         68   init.o
         0          0          0          0          0          0   iusefp.o
        30          0          0          0          0         68   llshl.o
        36          0          0          0          0         68   llsshr.o
        32          0          0          0          0         68   llushr.o
        36          0          0          0          0         68   memcpya.o
        36          0          0          0          0        108   memseta.o
        20          0          0          0          0         68   cfcmple.o
        20          0          0          0          0         68   cfrcmple.o
        56          0          0          0          0         88   d2f.o
       334          0          0          0          0        148   dadd.o
       222          0          0          0          0        100   ddiv.o
       186          0          0          0          0        176   depilogue.o
       228          0          0          0          0         96   dmul.o
        38          0          0          0          0         68   f2d.o
       176          0          0          0          0        140   fadd.o
       124          0          0          0          0         88   fdiv.o
       110          0          0          0          0        168   fepilogue.o
        40          0          0          0          0         68   ffixui.o
        18          0          0          0          0         68   fflti.o
       100          0          0          0          0         76   fmul.o

    ----------------------------------------------------------------------
      1932         16          0          0          0       1868   Library Totals
         4          0          0          0          0          0   (incl. Padding)

    ----------------------------------------------------------------------

      Code (inc. data)   RO Data    RW Data    ZI Data      Debug   Library Name

       256         16          0          0          0        448   mc_w.l
      1672          0          0          0          0       1420   mf_w.l

    ----------------------------------------------------------------------
      1932         16          0          0          0       1868   Library Totals

    ----------------------------------------------------------------------

==============================================================================


      Code (inc. data)   RO Data    RW Data    ZI Data      Debug   

     16264        646        336        228       1060     351099   Grand Totals
     16264        646        336        228       1060     351099   ELF Image Totals
     16264        646        336        228          0          0   ROM Totals

==============================================================================

    Total RO  Size (Code + RO Data)                16600 (  16.21kB)
    Total RW  Size (RW Data + ZI Data)              1288 (   1.26kB)
    Total ROM Size (Code + RO Data + RW Data)      16828 (  16.43kB)

==============================================================================

